
> data-analytics-platform@1.0.0 build C:\Users\Admin\Documents\mono-master\mono-master
> pnpm run lint:fix:all && pnpm run api:build && node scripts/check-connector-agnosticism.js


> data-analytics-platform@1.0.0 lint:fix:all C:\Users\Admin\Documents\mono-master\mono-master
> pnpm run api:lint:fix && node scripts/check-connector-agnosticism.js


> data-analytics-platform@1.0.0 api:lint:fix C:\Users\Admin\Documents\mono-master\mono-master
> pnpm --filter api run lint:fix


> api@1.0.0 lint:fix C:\Users\Admin\Documents\mono-master\mono-master\api
> eslint . --ext ts --fix


C:\Users\Admin\Documents\mono-master\mono-master\api\src\agent-lib\tools\shared\schema-cache.ts
  59:13  warning  Forbidden non-null assertion  @typescript-eslint/no-non-null-assertion
  85:5   warning  Unexpected console statement  no-console
  95:17  warning  Unexpected console statement  no-console

C:\Users\Admin\Documents\mono-master\mono-master\api\src\agent-lib\tools\sql-tools.ts
  200:57  warning  Forbidden non-null assertion  @typescript-eslint/no-non-null-assertion

C:\Users\Admin\Documents\mono-master\mono-master\api\src\inngest\functions\flow.ts
   559:15  warning  Forbidden non-null assertion  @typescript-eslint/no-non-null-assertion
   567:31  warning  Forbidden non-null assertion  @typescript-eslint/no-non-null-assertion
   604:17  warning  Forbidden non-null assertion  @typescript-eslint/no-non-null-assertion
   615:33  warning  Forbidden non-null assertion  @typescript-eslint/no-non-null-assertion
   628:30  warning  Forbidden non-null assertion  @typescript-eslint/no-non-null-assertion
   629:33  warning  Forbidden non-null assertion  @typescript-eslint/no-non-null-assertion
   683:15  warning  Forbidden non-null assertion  @typescript-eslint/no-non-null-assertion
   691:31  warning  Forbidden non-null assertion  @typescript-eslint/no-non-null-assertion
   728:19  warning  Forbidden non-null assertion  @typescript-eslint/no-non-null-assertion
   740:37  warning  Forbidden non-null assertion  @typescript-eslint/no-non-null-assertion
   754:33  warning  Forbidden non-null assertion  @typescript-eslint/no-non-null-assertion
  1271:15  warning  Forbidden non-null assertion  @typescript-eslint/no-non-null-assertion
  1279:31  warning  Forbidden non-null assertion  @typescript-eslint/no-non-null-assertion

C:\Users\Admin\Documents\mono-master\mono-master\api\src\routes\agent.routes.ts
   77:42  warning  Forbidden non-null assertion                                                @typescript-eslint/no-non-null-assertion
  599:44  error    'question' is defined but never used. Allowed unused args must match /^_/u  @typescript-eslint/no-unused-vars

C:\Users\Admin\Documents\mono-master\mono-master\api\src\services\destination-writer.service.ts
  848:29  warning  Forbidden non-null assertion  @typescript-eslint/no-non-null-assertion

Γ£û 20 problems (1 error, 19 warnings)

C:\Users\Admin\Documents\mono-master\mono-master\api:
ΓÇëERR_PNPM_RECURSIVE_RUN_FIRST_FAILΓÇë api@1.0.0 lint:fix: `eslint . --ext ts --fix`
Exit status 1
ΓÇëELIFECYCLEΓÇë Command failed with exit code 1.
ΓÇëELIFECYCLEΓÇë Command failed with exit code 1.
ΓÇëELIFECYCLEΓÇë Command failed with exit code 1.
