SENDING REQUEST TO agentRoutes...

05:40:23.912 INF logtape┬╖meta LogTape loggers are configured.  Note that LogTape itself uses the meta logger, which has category [ 'logtape', 'meta', [length]: 2 ].  The meta logger purposes to log internal errors such as sink exceptions.  If you are seeing this message, the meta logger is automatically configured.  It's recommended to configure the meta logger with a separate sink so that you can easily notice if logging itself fails or is misconfigured.  To turn off this message, configure the meta logger with higher log levels than 'info'.  See also <https://logtape.org/manual/categories#meta-logger>.
[2m11:10:23.915[0m [36mΓùÅ INFO [0m [2m[agent][0m Agent chat
  [2mΓåÆ[0m {
    [34muserId[0m: [32m"35"[0m,
    [34mroute[0m: [32m"db"[0m,
    [34mquestion[0m: [32m"Who are the top 3 best performing students in SREC based on coding and MCQ score"[0m
  }
[2m11:10:23.940[0m [2mΓùï DEBUG[0m [2m[db][0m Created MySQL pool
  [2mΓåÆ[0m {
    [34mkey[0m: [32m"000000000000000000000002:coderv4"[0m
  }
node.exe : 
[2m11:10:24.001[0m 
[31mΓ£û ERROR[0m 
[2m[agent][0m DB 
path error
At line:1 char:1
+ & "C:\Program Files\
nodejs/node.exe" 
"C:\Program 
Files\nodejs/node_mo 
...
+ ~~~~~~~~~~~~~~~~~~~~
~~~~~~~~~~~~~~~~~~~~~~
~~~~~~~~~~~~~~~~~~~~~~
~~~~~
    + CategoryInfo    
          : NotSpeci  
  fied: ([2m11:10:   
 24.00...m DB path    
 error:String) []    
, RemoteException
    + FullyQualifiedE 
   rrorId : NativeCo  
  mmandError
 
  [2mΓåÆ[0m {
    [34merror[0m: [32m"OpenAI API key is missing. Pass it using the 'apiKey' parameter or the OPENAI_API_KEY environment variable."[0m
  }
STATUS: 500

==== FINAL REPORT ====

OpenAI API key is missing. Pass it using the 'apiKey' parameter or the OPENAI_API_KEY environment variable.

==== METADATA ====

Steps: undefined
